// Jest Snapshot v1, https://goo.gl/fbAQLP

exports[`matches snapshot 1`] = `
<DocumentFragment>
  <div
    class="newTodoFormContainer"
  >
    <h1>
      Todo App
    </h1>
    <form>
      <input
        class="newTodoFormInput"
        id="todo"
        name="todo"
        placeholder="Add a task"
        required=""
        type="text"
        value=""
      />
      <button
        class="newTodoFormAddBtn"
      >
        +
      </button>
    </form>
  </div>
</DocumentFragment>
`;
